// Vitest Snapshot v1, https://vitest.dev/guide/snapshot.html

exports[`输入一个模块info和配置,输出该模块完整依赖图 > 主函数 1`] = `
GraphNode {
  "children": {},
  "description": undefined,
  "name": "dep-spy",
  "version": "1.1.0",
}
`;
